npm warn Unknown env config "http-proxy". This will stop working in the next major version of npm.

> indegenius@0.1.0 build
> next build

▲ Next.js 16.2.4 (Turbopack)

  Creating an optimized production build ...
Browserslist: browsers data (caniuse-lite) is 6 months old. Please run:
  npx update-browserslist-db@latest
  Why you should do it regularly: https://github.com/browserslist/update-db#readme
✓ Compiled successfully in 29.0s
  Running TypeScript ...
  Finished TypeScript in 27.6s ...
  Collecting page data using 8 workers ...
⚠ Using edge runtime on a page currently disables static generation for that page
  Generating static pages using 8 workers (0/46) ...
  Generating static pages using 8 workers (11/46) 
  Generating static pages using 8 workers (22/46) 
[sitemap] admin client unavailable: serving static routes only Error: Supabase admin client is not configured.
    at <unknown> (.next/server/chunks/[root-of-the-server]__09.nv4t._.js:1:1267)
    at $ (.next/server/chunks/[root-of-the-server]__01sf9~k._.js:16:1376)
    at S (.next/server/chunks/[root-of-the-server]__01sf9~k._.js:16:3044)
  Generating static pages using 8 workers (34/46) 
✓ Generating static pages using 8 workers (46/46) in 947ms
  Finalizing page optimization ...

Route (app)                          Revalidate  Expire
┌ ƒ /
├ ○ /_not-found
├ ƒ /[username]
├ ƒ /[username]/followers
├ ƒ /[username]/following
├ ƒ /about
├ ƒ /admin
├ ƒ /admin/communications
├ ƒ /admin/communications/[id]
├ ƒ /admin/communications/[id]/edit
├ ƒ /admin/communications/new
├ ƒ /admin/moderation
├ ƒ /admin/users
├ ƒ /admin/verification
├ ƒ /api/activation
├ ƒ /api/auth/[...all]
├ ƒ /api/bookmarks
├ ƒ /api/cron/health
├ ƒ /api/cron/resend-segment-sync
├ ƒ /api/feed
├ ƒ /api/migration-status
├ ƒ /api/notifications
├ ƒ /api/notifications/[id]/read
├ ƒ /api/og
├ ƒ /api/posts/[slug]/impression
├ ƒ /api/posts/[slug]/read
├ ƒ /api/posts/[slug]/view
├ ƒ /api/search
├ ƒ /api/topics
├ ƒ /api/universities
├ ƒ /api/upload-image
├ ƒ /api/webhooks/resend
├ ƒ /auth/callback
├ ƒ /auth/confirm
├ ƒ /bookmarks
├ ƒ /create/post
├ ƒ /dashboard
├ ○ /dev-preview/feed
├ ○ /dev-preview/profile
├ ○ /dev-preview/shell
├ ƒ /discover
├ ƒ /edit/[slug]
├ ƒ /explore
├ ○ /forgot-password
├ ○ /landing
├ ○ /login
├ ○ /manifest.webmanifest
├ ƒ /me
├ ƒ /notifications
├ ƒ /onboarding
├ ƒ /post/[slug]
├ ƒ /preview-auth
├ ƒ /privacy
├ ƒ /publication/[citationId]
├ ○ /reset-password
├ ○ /robots.txt
├ ƒ /search
├ ƒ /settings
├ ƒ /settings/profile
├ ○ /signup
├ ○ /sitemap.xml                             1h      1y
├ ƒ /terms
├ ƒ /topics
├ ƒ /topics/[tag]
└ ƒ /write


ƒ Proxy (Middleware)

○  (Static)   prerendered as static content
ƒ  (Dynamic)  server-rendered on demand

